// Jest Snapshot v1, https://goo.gl/fbAQLP

exports[`Pruebas en Componenten PrimeraApp Debe mostrar <PrimeraApp /> correctamente 1`] = `
<Fragment>
  <h1>
    Hola, soy Fernando
  </h1>
  <p>
    Soy un subtitulo
  </p>
</Fragment>
`;
